C51 COMPILER V9.01   第一蘝                                                                05/11/2017 19:19:01 PAGE 1   


C51 COMPILER V9.01, COMPILATION OF MODULE 第一蘝
OBJECT MODULE PLACED IN 第一题.OBJ
COMPILER INVOKED BY: F:\keil 4\C51\BIN\C51.EXE 第一题.c BROWSE DEBUG OBJECTEXTEND

line level    source

   1          #include<reg51.h>
   2          #define uchar unsigned char
   3          #define uint unsigned int
   4          
   5          uchar code weixuan[]={0x7f,0xbf,0xdf,0xef,0xf7,0xfb,0xfd,0xfe}; 
   6          uchar code duanxuan1[]={0x5b,0x3f,0x06,0x7d,0x3f,0x6d,0x06,0x3f};
   7          uchar code duanxuan2[]={0x06,0x06,0x40,0x06,0x06,0x40,0x06,0x06};
   8          
   9          void delay(int i)
  10          {
  11   1      int j;
  12   1      for(i;i>0;i--)
  13   1      for(j=110;j>0;j--);
  14   1      }
  15          
  16          void main()
  17          {
  18   1              int a,b;
  19   1              for(a=0;a<300;a++)
  20   1              for(b=0;b<8;b++)
  21   1              {
  22   2                      P1=weixuan[b];
  23   2                      P0=duanxuan1[b];
  24   2                      delay(1);
  25   2                      P0=0x00;
  26   2              }
  27   1              delay(100);
  28   1              for(a=0;a<300;a++)
  29   1              for(b=0;b<8;b++)
  30   1              {
  31   2                      P1=weixuan[b];
  32   2                      P0=duanxuan2[b];
  33   2                      delay(1);
  34   2                      P0=0x00;
  35   2              }
  36   1              delay(100);
  37   1      }


MODULE INFORMATION:   STATIC OVERLAYABLE
   CODE SIZE        =    187    ----
   CONSTANT SIZE    =     24    ----
   XDATA SIZE       =   ----    ----
   PDATA SIZE       =   ----    ----
   DATA SIZE        =   ----       2
   IDATA SIZE       =   ----    ----
   BIT SIZE         =   ----    ----
END OF MODULE INFORMATION.


C51 COMPILATION COMPLETE.  0 WARNING(S),  0 ERROR(S)
