C51 COMPILER V9.01   DELAY                                                                 02/16/2017 16:49:13 PAGE 1   


C51 COMPILER V9.01, COMPILATION OF MODULE DELAY
OBJECT MODULE PLACED IN delay.OBJ
COMPILER INVOKED BY: F:\keil 4\C51\BIN\C51.EXE delay.c BROWSE DEBUG OBJECTEXTEND

line level    source

   1          #include"delay.h"
   2          void DelayMs(unsigned int x)  
   3          {
   4   1              unsigned char i;
   5   1              while(x--)
   6   1              {
   7   2                      for (i = 0; i<13; i++)
   8   2                      {}
   9   2              }
  10   1      }
  11          void delay1()               
  12          {
  13   1              unsigned char i,j;
  14   1              for(i=0;i<250;i++)
  15   1              for(j=0;j<250;j++)
  16   1              ;
  17   1      }
  18          void delay2()               
  19          {
  20   1              unsigned char i,j;
  21   1              for(i=0;i<125;i++)
  22   1              for(j=0;j<250;j++)
  23   1              ;
  24   1      }
  25          void delay(unsigned char c)
  26          {
  27   1              unsigned char a,b;
  28   1              for(;c>0;c--)
  29   1                      for(a=38;a>0;a--)
  30   1                              for(b=138;b>0;b--);
  31   1      }
  32          


MODULE INFORMATION:   STATIC OVERLAYABLE
   CODE SIZE        =     66    ----
   CONSTANT SIZE    =   ----    ----
   XDATA SIZE       =   ----    ----
   PDATA SIZE       =   ----    ----
   DATA SIZE        =   ----    ----
   IDATA SIZE       =   ----    ----
   BIT SIZE         =   ----    ----
END OF MODULE INFORMATION.


C51 COMPILATION COMPLETE.  0 WARNING(S),  0 ERROR(S)
