C51 COMPILER V9.01   第XX蘝                                                                05/11/2017 20:17:32 PAGE 1   


C51 COMPILER V9.01, COMPILATION OF MODULE 第XX蘝
OBJECT MODULE PLACED IN 第xx题.OBJ
COMPILER INVOKED BY: F:\keil 4\C51\BIN\C51.EXE 第xx题.c BROWSE DEBUG OBJECTEXTEND

line level    source

   1          #include <reg52.h>
   2          
   3          sbit PWM=P0^0;
   4          sbit led1=P0^1;
   5          sbit led2=P0^2;
   6          sbit led3=P0^3;
   7          sbit led4=P0^4;
   8          sbit led5=P0^5;
   9          sbit led6=P0^6;
  10          sbit led7=P0^7;
  11          sbit key1=P1^0;
  12          sbit key2=P1^1;
  13          //--定义一个全局变量--//
  14          unsigned char timer1; 
  15          
  16          void Time1Config();
  17          
  18          /*******************************************************************************
  19          * 函 数 名       : main
  20          * 函数功能               : 主函数
  21          * 输    入       : 无
  22          * 输    出       : 无
  23          *******************************************************************************/
  24          void Delay10ms(unsigned int c)   //误差 0us
  25          {
  26   1          unsigned char a, b;
  27   1      
  28   1              //--c已经在传递过来的时候已经赋值了，所以在for语句第一句就不用赋值了--//
  29   1          for (;c>0;c--)
  30   1              {
  31   2                      for (b=38;b>0;b--)
  32   2                      {
  33   3                              for (a=130;a>0;a--);
  34   3                      }
  35   2                 
  36   2              }
  37   1              
  38   1      }
  39          
  40          
  41          void main(void)
  42          {       
  43   1               int    a=30,i;
  44   1              led1=0x00;
  45   1              led2=0x00;
  46   1              led3=0x00;
  47   1              led4=0x00;
  48   1              led5=0x00;
  49   1              led6=0x00;
  50   1              led7=0x00;
  51   1      
  52   1          
  53   1              Time1Config();
  54   1              while(1)
  55   1              {       
C51 COMPILER V9.01   第XX蘝                                                                05/11/2017 20:17:32 PAGE 2   

  56   2              
  57   2                      if (key1 != 0xFF)               //检测按键K1是否按下
  58   2                      {
  59   3                              Delay10ms(1);   //消除抖动
  60   3              
  61   3                              if (key1 != 0xFF)       //再次检测按键是否按下
  62   3                              {
  63   4                                      Delay10ms(1);
  64   4                                  a=a+5;
  65   4                                      i = 0;
  66   4                                      while ((i<50) && (key1 != 0xFF))         //检测按键是否松开
  67   4                                      {
  68   5                                              Delay10ms(1);
  69   5                                              i++;
  70   5                                      }
  71   4                              }
  72   3                      }
  73   2                      if (key2 != 0xFF)               //检测按键K1是否按下
  74   2                      {
  75   3                              Delay10ms(1);   //消除抖动
  76   3              
  77   3                              if (key2 != 0xFF)       //再次检测按键是否按下
  78   3                              {
  79   4                                      Delay10ms(1);
  80   4                                  a=a-1;
  81   4                                      i = 0;
  82   4                                      while ((i<50) && (key1 != 0xFF))         //检测按键是否松开
  83   4                                      {
  84   5                                              Delay10ms(1);
  85   5                                              i++;
  86   5                                      }
  87   4                              }
  88   3                      }
  89   2                      if(timer1>50)  //PWM周期为100*0.5ms
  90   2                      {
  91   3                              timer1=0;
  92   3                      }
  93   2                      if(timer1 < a)  //改变30这个值可以改变直流电机的速度
  94   2                      {
  95   3                              PWM=1;
  96   3                      }
  97   2                      else
  98   2                      {
  99   3                              PWM=0;
 100   3                      }
 101   2              }
 102   1              
 103   1      
 104   1       }
 105          
 106          /*******************************************************************************
 107          * 函 数 名       : Time1Config
 108          * 函数功能               : 设置定时器
 109          * 输    入       : 无
 110          * 输    出       : 无
 111          *******************************************************************************/
 112          
 113          void Time1Config()
 114          {
 115   1              TMOD|= 0x10;   //设置定时计数器工作方式1为定时器
 116   1      
 117   1              //--定时器赋初始值，12MHZ下定时0.5ms--//  
C51 COMPILER V9.01   第XX蘝                                                                05/11/2017 20:17:32 PAGE 3   

 118   1              TH1 = 0xFE; 
 119   1              TL1 = 0x0C;
 120   1      
 121   1              
 122   1              ET1 = 1;         //开启定时器1中断
 123   1              EA = 1;
 124   1              TR1 = 1;         //开启定时器   
 125   1      }
 126          
 127          /*******************************************************************************
 128          * 函 数 名       : Time1
 129          * 函数功能               : 定时器1的中断函数
 130          * 输    入       : 无
 131          * 输    出       : 无
 132          *******************************************************************************/
 133          
 134          void Time1(void) interrupt 3    //3 为定时器1的中断号  1 定时器0的中断号 0 外部中断1 2 外部中断2  4 串口中
             -断
 135          {
 136   1              TH1 = 0xFE;  //重新赋初值
 137   1              TL1 = 0x0C;
 138   1              timer1++;    
 139   1      }
 140          


MODULE INFORMATION:   STATIC OVERLAYABLE
   CODE SIZE        =    215    ----
   CONSTANT SIZE    =   ----    ----
   XDATA SIZE       =   ----    ----
   PDATA SIZE       =   ----    ----
   DATA SIZE        =      1       4
   IDATA SIZE       =   ----    ----
   BIT SIZE         =   ----    ----
END OF MODULE INFORMATION.


C51 COMPILATION COMPLETE.  0 WARNING(S),  0 ERROR(S)
